{"script": "scripts/verify_phase1_contracts.py", "exitCode": 0, "diagnostic": "PASS"}
{"script": "scripts/verify_phase2_handoffs.py", "exitCode": 0, "diagnostic": "PASS"}
{"script": "scripts/verify_schema_references.py", "exitCode": 1, "diagnostic": "CHECK_FAILED_OR_BLOCKED"}
{"script": "scripts/verify_phase3_semantics.py", "exitCode": 1, "diagnostic": "CHECK_FAILED_OR_BLOCKED"}
{"script": "scripts/verify_acceptance_gates.py", "exitCode": 0, "diagnostic": "PASS"}
{"script": "scripts/phase1_schema_closure.py", "exitCode": 1, "diagnostic": "CHECK_FAILED_OR_BLOCKED"}
{"script": "scripts/verify_authority_excerpt_coverage.py", "exitCode": 0, "diagnostic": "PASS"}
{"script": "scripts/verify_component_protocol_examples.py", "exitCode": 0, "diagnostic": "PASS"}
{"script": "scripts/verify_create_http_errors.py", "exitCode": 0, "diagnostic": "PASS"}
{"script": "scripts/verify_create_completion.py", "exitCode": 0, "diagnostic": "PASS"}
{"script": "scripts/verify_follow_up_contracts.py", "exitCode": 0, "diagnostic": "PASS"}
{"script": "scripts/verify_config_rollback_state.py", "exitCode": 0, "diagnostic": "PASS"}
{"script": "scripts/verify_backup_restore_state.py", "exitCode": 0, "diagnostic": "PASS"}
{"script": "scripts/verify_control_counter_masks.py", "exitCode": 0, "diagnostic": "PASS"}
{"script": "scripts/verify_phase4_ui.py", "exitCode": 1, "diagnostic": "CHECK_FAILED_OR_BLOCKED"}
{"script": "scripts/verify_errors.py", "exitCode": 0, "diagnostic": "PASS"}
{"script": "scripts/verify_generation_atomic_model.py", "exitCode": 0, "diagnostic": "PASS"}
{"script": "scripts/verify_create_operation_requests.py", "exitCode": 0, "diagnostic": "PASS"}
{"script": "scripts/verify_experience.py", "exitCode": 0, "diagnostic": "PASS"}
{"script": "scripts/verify_generation_document_events.py", "exitCode": 0, "diagnostic": "PASS"}
{"script": "scripts/verify_generation_domain_payloads.py", "exitCode": 0, "diagnostic": "PASS"}
{"script": "scripts/verify_generation_event_boundaries.py", "exitCode": 0, "diagnostic": "PASS"}
{"script": "scripts/verify_generation_read_design.py", "exitCode": 0, "diagnostic": "PASS"}
{"script": "scripts/verify_generation_read_errors.py", "exitCode": 0, "diagnostic": "PASS"}
{"script": "scripts/verify_generation_http_contract.py", "exitCode": 0, "diagnostic": "PASS"}
{"script": "scripts/verify_native_manifest_continuation.py", "exitCode": 0, "diagnostic": "PASS"}
{"script": "scripts/verify_generation_operation_masks.py", "exitCode": 0, "diagnostic": "PASS"}
{"script": "scripts/verify_observability.py", "exitCode": 0, "diagnostic": "PASS"}
{"script": "scripts/verify_operation_sql_literals.py", "exitCode": 1, "diagnostic": "CHECK_FAILED_OR_BLOCKED"}
{"script": "scripts/verify_plan_create_handoff.py", "exitCode": 0, "diagnostic": "PASS"}
{"script": "scripts/verify_provider_mapping.py", "exitCode": 0, "diagnostic": "PASS"}
{"script": "scripts/verify_preserved_policy.py", "exitCode": 0, "diagnostic": "PASS"}
{"script": "scripts/verify_provider_outcome_mask.py", "exitCode": 0, "diagnostic": "PASS"}
{"script": "scripts/verify_read_boundary_completion.py", "exitCode": 0, "diagnostic": "PASS"}
{"script": "scripts/verify_retry_profile.py", "exitCode": 0, "diagnostic": "PASS"}
{"script": "scripts/verify_saga_handoffs.py", "exitCode": 0, "diagnostic": "PASS"}
{"script": "scripts/verify_transitive_mask_detection.py", "exitCode": 0, "diagnostic": "PASS"}
{"script": "scripts/verify_visual_contracts.py", "exitCode": 1, "diagnostic": "CHECK_FAILED_OR_BLOCKED"}
{"script": "scripts/verify_route_guard_counters.py", "exitCode": 0, "diagnostic": "PASS"}
{"script": "scripts/run_baseline_gates.py", "exitCode": 0, "diagnostic": "PASS"}
{"script": "scripts/verify_mask_parity.py", "exitCode": 1, "diagnostic": "CHECK_FAILED_OR_BLOCKED"}
{"script": "scripts/verify_package.py", "exitCode": 1, "diagnostic": "CHECK_FAILED_OR_BLOCKED"}
